// Jest Snapshot v1, https://goo.gl/fbAQLP

exports[`Crumb component should render without crashing 1`] = `
<div
  className="container"
  onClick={[Function]}
>
  <div
    className="crumbContainer"
  >
    <Memo(ForwardRef(DashboardIcon)) />
    <span
      className="crumbText"
    >
      foo
    </span>
    <Memo(ForwardRef(ExpandMoreIcon))
      className="rightIcon icon-regular"
    />
  </div>
  <N
    className="content"
    close={[Function]}
    opened={false}
  >
    <BottomComponent
      closeComponent={[Function]}
    />
  </N>
</div>
`;
