// Jest Snapshot v1, https://goo.gl/fbAQLP

exports[`StatusCircle component Component match snapshot 1`] = `ShallowWrapper {}`;
