// Jest Snapshot v1, https://goo.gl/fbAQLP

exports[`Panel component Component match snapshot 1`] = `ShallowWrapper {}`;
