// Jest Snapshot v1, https://goo.gl/fbAQLP

exports[`CopyToClipboard component Component match snapshot 1`] = `ShallowWrapper {}`;
