// Jest Snapshot v1, https://goo.gl/fbAQLP

exports[`DefaultPage component Component match snapshot 1`] = `ShallowWrapper {}`;
