// Jest Snapshot v1, https://goo.gl/fbAQLP

exports[`Sidebar component Component match snapshot 1`] = `ShallowWrapper {}`;
