// Jest Snapshot v1, https://goo.gl/fbAQLP

exports[`MessageActionBox component Component match snapshot 1`] = `ShallowWrapper {}`;
