// Jest Snapshot v1, https://goo.gl/fbAQLP

exports[`Step component Component match snapshot 1`] = `ShallowWrapper {}`;

exports[`Stepper component Component match snapshot 1`] = `ShallowWrapper {}`;
