// Jest Snapshot v1, https://goo.gl/fbAQLP

exports[`SiteBar component Component match snapshot 1`] = `
<div
  className="container"
>
  <ot
    className="left"
  >
    <Breadcrumbs />
  </ot>
  <ht
    className="right"
  >
    <Memo(SettingsMenu) />
  </ht>
</div>
`;
