// Jest Snapshot v1, https://goo.gl/fbAQLP

exports[`ConfirmAction component - with input Component match snapshot 1`] = `ShallowWrapper {}`;

exports[`ConfirmAction component - without input Component match snapshot 1`] = `ShallowWrapper {}`;
